// Vitest Snapshot v1, https://vitest.dev/guide/snapshot.html

exports[`Counter > renders correctly 1`] = `
{
  "asFragment": [Function],
  "baseElement": <body>
    <div>
      <main
        class="p-4"
      >
        <p
          class="text-lg font-semibold"
        >
          Count: 
          0
        </p>
        <button
          class="mt-2 block rounded bg-blue-500 px-4 py-2 font-bold text-white hover:bg-blue-700"
        >
          Increment
        </button>
        <div
          class="mt-4"
        >
          <label
            class="block text-sm font-medium text-white"
            for="name"
          >
            Name:
          </label>
          <input
            class="mt-1 block rounded-md border-gray-700 bg-gray-800 text-white shadow-sm focus:border-indigo-500 focus:ring-indigo-500 sm:text-sm"
            data-testid="name-input"
            id="name"
            placeholder="Type your name"
            type="text"
            value=""
          />
        </div>
      </main>
    </div>
  </body>,
  "container": <div>
    <main
      class="p-4"
    >
      <p
        class="text-lg font-semibold"
      >
        Count: 
        0
      </p>
      <button
        class="mt-2 block rounded bg-blue-500 px-4 py-2 font-bold text-white hover:bg-blue-700"
      >
        Increment
      </button>
      <div
        class="mt-4"
      >
        <label
          class="block text-sm font-medium text-white"
          for="name"
        >
          Name:
        </label>
        <input
          class="mt-1 block rounded-md border-gray-700 bg-gray-800 text-white shadow-sm focus:border-indigo-500 focus:ring-indigo-500 sm:text-sm"
          data-testid="name-input"
          id="name"
          placeholder="Type your name"
          type="text"
          value=""
        />
      </div>
    </main>
  </div>,
  "debug": [Function],
  "findAllByAltText": [Function],
  "findAllByDisplayValue": [Function],
  "findAllByLabelText": [Function],
  "findAllByPlaceholderText": [Function],
  "findAllByRole": [Function],
  "findAllByTestId": [Function],
  "findAllByText": [Function],
  "findAllByTitle": [Function],
  "findByAltText": [Function],
  "findByDisplayValue": [Function],
  "findByLabelText": [Function],
  "findByPlaceholderText": [Function],
  "findByRole": [Function],
  "findByTestId": [Function],
  "findByText": [Function],
  "findByTitle": [Function],
  "getAllByAltText": [Function],
  "getAllByDisplayValue": [Function],
  "getAllByLabelText": [Function],
  "getAllByPlaceholderText": [Function],
  "getAllByRole": [Function],
  "getAllByTestId": [Function],
  "getAllByText": [Function],
  "getAllByTitle": [Function],
  "getByAltText": [Function],
  "getByDisplayValue": [Function],
  "getByLabelText": [Function],
  "getByPlaceholderText": [Function],
  "getByRole": [Function],
  "getByTestId": [Function],
  "getByText": [Function],
  "getByTitle": [Function],
  "queryAllByAltText": [Function],
  "queryAllByDisplayValue": [Function],
  "queryAllByLabelText": [Function],
  "queryAllByPlaceholderText": [Function],
  "queryAllByRole": [Function],
  "queryAllByTestId": [Function],
  "queryAllByText": [Function],
  "queryAllByTitle": [Function],
  "queryByAltText": [Function],
  "queryByDisplayValue": [Function],
  "queryByLabelText": [Function],
  "queryByPlaceholderText": [Function],
  "queryByRole": [Function],
  "queryByTestId": [Function],
  "queryByText": [Function],
  "queryByTitle": [Function],
  "rerender": [Function],
  "unmount": [Function],
}
`;
